<?xml version="1.0" encoding="utf-8"?><testsuites><testsuite name="pytest" errors="0" failures="8" skipped="0" tests="9" time="9.458" timestamp="2026-05-23T11:48:13.621218+00:00" hostname="runnervmg397c"><testcase classname="evaluations.test_answer_relevance" name="test_answer_relevance[GS-001]" time="7.905" /><testcase classname="evaluations.test_answer_relevance" name="test_answer_relevance[GS-002]" time="0.330"><failure message="groq.RateLimitError: Error code: 429 - {'error': {'message': 'Rate limit reached for model `llama-3.3-70b-versatile` in organization `org_01ks9nwb89eedah2a3yh9tdp0y` service tier `on_demand` on tokens per day (TPD): Limit 100000, Used 99958, Requested 209. Please try again in 2m24.288s. Need more tokens? Upgrade to Dev Tier today at https://console.groq.com/settings/billing', 'type': 'tokens', 'code': 'rate_limit_exceeded'}}">evaluations/test_answer_relevance.py:36: in test_answer_relevance
    assert_test(test_case, [metric])
/opt/hostedtoolcache/Python/3.12.13/x64/lib/python3.12/site-packages/deepeval/evaluate.py:392: in assert_test
    test_result = loop.run_until_complete(
/opt/hostedtoolcache/Python/3.12.13/x64/lib/python3.12/asyncio/base_events.py:691: in run_until_complete
    return future.result()
/opt/hostedtoolcache/Python/3.12.13/x64/lib/python3.12/site-packages/deepeval/evaluate.py:320: in a_execute_test_cases
    await measure_metrics_with_indicator(
/opt/hostedtoolcache/Python/3.12.13/x64/lib/python3.12/site-packages/deepeval/metrics/indicator.py:151: in measure_metrics_with_indicator
    await asyncio.gather(*tasks)
/opt/hostedtoolcache/Python/3.12.13/x64/lib/python3.12/site-packages/deepeval/metrics/indicator.py:90: in measure_metric_task
    await metric.a_measure(tc, _show_indicator=False)
/opt/hostedtoolcache/Python/3.12.13/x64/lib/python3.12/site-packages/deepeval/metrics/answer_relevancy/answer_relevancy.py:100: in a_measure
    self.statements: List[str] = await self._a_generate_statements(
/opt/hostedtoolcache/Python/3.12.13/x64/lib/python3.12/site-packages/deepeval/metrics/answer_relevancy/answer_relevancy.py:250: in _a_generate_statements
    res = await self.model.a_generate(prompt)
evaluations/conftest.py:57: in a_generate
    response = await self._client.ainvoke(prompt)
/opt/hostedtoolcache/Python/3.12.13/x64/lib/python3.12/site-packages/langchain_core/language_models/chat_models.py:298: in ainvoke
    llm_result = await self.agenerate_prompt(
/opt/hostedtoolcache/Python/3.12.13/x64/lib/python3.12/site-packages/langchain_core/language_models/chat_models.py:787: in agenerate_prompt
    return await self.agenerate(
/opt/hostedtoolcache/Python/3.12.13/x64/lib/python3.12/site-packages/langchain_core/language_models/chat_models.py:747: in agenerate
    raise exceptions[0]
/opt/hostedtoolcache/Python/3.12.13/x64/lib/python3.12/site-packages/langchain_core/language_models/chat_models.py:923: in _agenerate_with_cache
    result = await self._agenerate(
/opt/hostedtoolcache/Python/3.12.13/x64/lib/python3.12/site-packages/langchain_groq/chat_models.py:493: in _agenerate
    response = await self.async_client.create(messages=message_dicts, **params)
/opt/hostedtoolcache/Python/3.12.13/x64/lib/python3.12/site-packages/groq/resources/chat/completions.py:941: in create
    return await self._post(
/opt/hostedtoolcache/Python/3.12.13/x64/lib/python3.12/site-packages/groq/_base_client.py:1762: in post
    return await self.request(cast_to, opts, stream=stream, stream_cls=stream_cls)
/opt/hostedtoolcache/Python/3.12.13/x64/lib/python3.12/site-packages/groq/_base_client.py:1576: in request
    raise self._make_status_error_from_response(err.response) from None
E   groq.RateLimitError: Error code: 429 - {'error': {'message': 'Rate limit reached for model `llama-3.3-70b-versatile` in organization `org_01ks9nwb89eedah2a3yh9tdp0y` service tier `on_demand` on tokens per day (TPD): Limit 100000, Used 99958, Requested 209. Please try again in 2m24.288s. Need more tokens? Upgrade to Dev Tier today at https://console.groq.com/settings/billing', 'type': 'tokens', 'code': 'rate_limit_exceeded'}}</failure></testcase><testcase classname="evaluations.test_answer_relevance" name="test_answer_relevance[GS-003]" time="0.055"><failure message="groq.RateLimitError: Error code: 429 - {'error': {'message': 'Rate limit reached for model `llama-3.3-70b-versatile` in organization `org_01ks9nwb89eedah2a3yh9tdp0y` service tier `on_demand` on tokens per day (TPD): Limit 100000, Used 99999, Requested 239. Please try again in 3m25.632s. Need more tokens? Upgrade to Dev Tier today at https://console.groq.com/settings/billing', 'type': 'tokens', 'code': 'rate_limit_exceeded'}}">evaluations/test_answer_relevance.py:22: in test_answer_relevance
    result = rag_pipeline.query(sample["input"])
rag_pipeline/pipeline.py:114: in query
    response = self._llm.invoke(prompt)
/opt/hostedtoolcache/Python/3.12.13/x64/lib/python3.12/site-packages/langchain_core/language_models/chat_models.py:277: in invoke
    self.generate_prompt(
/opt/hostedtoolcache/Python/3.12.13/x64/lib/python3.12/site-packages/langchain_core/language_models/chat_models.py:777: in generate_prompt
    return self.generate(prompt_messages, stop=stop, callbacks=callbacks, **kwargs)
/opt/hostedtoolcache/Python/3.12.13/x64/lib/python3.12/site-packages/langchain_core/language_models/chat_models.py:634: in generate
    raise e
/opt/hostedtoolcache/Python/3.12.13/x64/lib/python3.12/site-packages/langchain_core/language_models/chat_models.py:624: in generate
    self._generate_with_cache(
/opt/hostedtoolcache/Python/3.12.13/x64/lib/python3.12/site-packages/langchain_core/language_models/chat_models.py:846: in _generate_with_cache
    result = self._generate(
/opt/hostedtoolcache/Python/3.12.13/x64/lib/python3.12/site-packages/langchain_groq/chat_models.py:472: in _generate
    response = self.client.create(messages=message_dicts, **params)
/opt/hostedtoolcache/Python/3.12.13/x64/lib/python3.12/site-packages/groq/resources/chat/completions.py:461: in create
    return self._post(
/opt/hostedtoolcache/Python/3.12.13/x64/lib/python3.12/site-packages/groq/_base_client.py:1242: in post
    return cast(ResponseT, self.request(cast_to, opts, stream=stream, stream_cls=stream_cls))
/opt/hostedtoolcache/Python/3.12.13/x64/lib/python3.12/site-packages/groq/_base_client.py:1044: in request
    raise self._make_status_error_from_response(err.response) from None
E   groq.RateLimitError: Error code: 429 - {'error': {'message': 'Rate limit reached for model `llama-3.3-70b-versatile` in organization `org_01ks9nwb89eedah2a3yh9tdp0y` service tier `on_demand` on tokens per day (TPD): Limit 100000, Used 99999, Requested 239. Please try again in 3m25.632s. Need more tokens? Upgrade to Dev Tier today at https://console.groq.com/settings/billing', 'type': 'tokens', 'code': 'rate_limit_exceeded'}}</failure></testcase><testcase classname="evaluations.test_answer_relevance" name="test_answer_relevance[GS-004]" time="0.052"><failure message="groq.RateLimitError: Error code: 429 - {'error': {'message': 'Rate limit reached for model `llama-3.3-70b-versatile` in organization `org_01ks9nwb89eedah2a3yh9tdp0y` service tier `on_demand` on tokens per day (TPD): Limit 100000, Used 99999, Requested 232. Please try again in 3m19.584s. Need more tokens? Upgrade to Dev Tier today at https://console.groq.com/settings/billing', 'type': 'tokens', 'code': 'rate_limit_exceeded'}}">evaluations/test_answer_relevance.py:22: in test_answer_relevance
    result = rag_pipeline.query(sample["input"])
rag_pipeline/pipeline.py:114: in query
    response = self._llm.invoke(prompt)
/opt/hostedtoolcache/Python/3.12.13/x64/lib/python3.12/site-packages/langchain_core/language_models/chat_models.py:277: in invoke
    self.generate_prompt(
/opt/hostedtoolcache/Python/3.12.13/x64/lib/python3.12/site-packages/langchain_core/language_models/chat_models.py:777: in generate_prompt
    return self.generate(prompt_messages, stop=stop, callbacks=callbacks, **kwargs)
/opt/hostedtoolcache/Python/3.12.13/x64/lib/python3.12/site-packages/langchain_core/language_models/chat_models.py:634: in generate
    raise e
/opt/hostedtoolcache/Python/3.12.13/x64/lib/python3.12/site-packages/langchain_core/language_models/chat_models.py:624: in generate
    self._generate_with_cache(
/opt/hostedtoolcache/Python/3.12.13/x64/lib/python3.12/site-packages/langchain_core/language_models/chat_models.py:846: in _generate_with_cache
    result = self._generate(
/opt/hostedtoolcache/Python/3.12.13/x64/lib/python3.12/site-packages/langchain_groq/chat_models.py:472: in _generate
    response = self.client.create(messages=message_dicts, **params)
/opt/hostedtoolcache/Python/3.12.13/x64/lib/python3.12/site-packages/groq/resources/chat/completions.py:461: in create
    return self._post(
/opt/hostedtoolcache/Python/3.12.13/x64/lib/python3.12/site-packages/groq/_base_client.py:1242: in post
    return cast(ResponseT, self.request(cast_to, opts, stream=stream, stream_cls=stream_cls))
/opt/hostedtoolcache/Python/3.12.13/x64/lib/python3.12/site-packages/groq/_base_client.py:1044: in request
    raise self._make_status_error_from_response(err.response) from None
E   groq.RateLimitError: Error code: 429 - {'error': {'message': 'Rate limit reached for model `llama-3.3-70b-versatile` in organization `org_01ks9nwb89eedah2a3yh9tdp0y` service tier `on_demand` on tokens per day (TPD): Limit 100000, Used 99999, Requested 232. Please try again in 3m19.584s. Need more tokens? Upgrade to Dev Tier today at https://console.groq.com/settings/billing', 'type': 'tokens', 'code': 'rate_limit_exceeded'}}</failure></testcase><testcase classname="evaluations.test_rag_faithfulness" name="test_faithfulness[GS-001]" time="0.052"><failure message="groq.RateLimitError: Error code: 429 - {'error': {'message': 'Rate limit reached for model `llama-3.3-70b-versatile` in organization `org_01ks9nwb89eedah2a3yh9tdp0y` service tier `on_demand` on tokens per day (TPD): Limit 100000, Used 99999, Requested 232. Please try again in 3m19.584s. Need more tokens? Upgrade to Dev Tier today at https://console.groq.com/settings/billing', 'type': 'tokens', 'code': 'rate_limit_exceeded'}}">evaluations/test_rag_faithfulness.py:22: in test_faithfulness
    result = rag_pipeline.query(sample["input"])
rag_pipeline/pipeline.py:114: in query
    response = self._llm.invoke(prompt)
/opt/hostedtoolcache/Python/3.12.13/x64/lib/python3.12/site-packages/langchain_core/language_models/chat_models.py:277: in invoke
    self.generate_prompt(
/opt/hostedtoolcache/Python/3.12.13/x64/lib/python3.12/site-packages/langchain_core/language_models/chat_models.py:777: in generate_prompt
    return self.generate(prompt_messages, stop=stop, callbacks=callbacks, **kwargs)
/opt/hostedtoolcache/Python/3.12.13/x64/lib/python3.12/site-packages/langchain_core/language_models/chat_models.py:634: in generate
    raise e
/opt/hostedtoolcache/Python/3.12.13/x64/lib/python3.12/site-packages/langchain_core/language_models/chat_models.py:624: in generate
    self._generate_with_cache(
/opt/hostedtoolcache/Python/3.12.13/x64/lib/python3.12/site-packages/langchain_core/language_models/chat_models.py:846: in _generate_with_cache
    result = self._generate(
/opt/hostedtoolcache/Python/3.12.13/x64/lib/python3.12/site-packages/langchain_groq/chat_models.py:472: in _generate
    response = self.client.create(messages=message_dicts, **params)
/opt/hostedtoolcache/Python/3.12.13/x64/lib/python3.12/site-packages/groq/resources/chat/completions.py:461: in create
    return self._post(
/opt/hostedtoolcache/Python/3.12.13/x64/lib/python3.12/site-packages/groq/_base_client.py:1242: in post
    return cast(ResponseT, self.request(cast_to, opts, stream=stream, stream_cls=stream_cls))
/opt/hostedtoolcache/Python/3.12.13/x64/lib/python3.12/site-packages/groq/_base_client.py:1044: in request
    raise self._make_status_error_from_response(err.response) from None
E   groq.RateLimitError: Error code: 429 - {'error': {'message': 'Rate limit reached for model `llama-3.3-70b-versatile` in organization `org_01ks9nwb89eedah2a3yh9tdp0y` service tier `on_demand` on tokens per day (TPD): Limit 100000, Used 99999, Requested 232. Please try again in 3m19.584s. Need more tokens? Upgrade to Dev Tier today at https://console.groq.com/settings/billing', 'type': 'tokens', 'code': 'rate_limit_exceeded'}}</failure></testcase><testcase classname="evaluations.test_rag_faithfulness" name="test_faithfulness[GS-002]" time="0.055"><failure message="groq.RateLimitError: Error code: 429 - {'error': {'message': 'Rate limit reached for model `llama-3.3-70b-versatile` in organization `org_01ks9nwb89eedah2a3yh9tdp0y` service tier `on_demand` on tokens per day (TPD): Limit 100000, Used 99999, Requested 267. Please try again in 3m49.824s. Need more tokens? Upgrade to Dev Tier today at https://console.groq.com/settings/billing', 'type': 'tokens', 'code': 'rate_limit_exceeded'}}">evaluations/test_rag_faithfulness.py:22: in test_faithfulness
    result = rag_pipeline.query(sample["input"])
rag_pipeline/pipeline.py:114: in query
    response = self._llm.invoke(prompt)
/opt/hostedtoolcache/Python/3.12.13/x64/lib/python3.12/site-packages/langchain_core/language_models/chat_models.py:277: in invoke
    self.generate_prompt(
/opt/hostedtoolcache/Python/3.12.13/x64/lib/python3.12/site-packages/langchain_core/language_models/chat_models.py:777: in generate_prompt
    return self.generate(prompt_messages, stop=stop, callbacks=callbacks, **kwargs)
/opt/hostedtoolcache/Python/3.12.13/x64/lib/python3.12/site-packages/langchain_core/language_models/chat_models.py:634: in generate
    raise e
/opt/hostedtoolcache/Python/3.12.13/x64/lib/python3.12/site-packages/langchain_core/language_models/chat_models.py:624: in generate
    self._generate_with_cache(
/opt/hostedtoolcache/Python/3.12.13/x64/lib/python3.12/site-packages/langchain_core/language_models/chat_models.py:846: in _generate_with_cache
    result = self._generate(
/opt/hostedtoolcache/Python/3.12.13/x64/lib/python3.12/site-packages/langchain_groq/chat_models.py:472: in _generate
    response = self.client.create(messages=message_dicts, **params)
/opt/hostedtoolcache/Python/3.12.13/x64/lib/python3.12/site-packages/groq/resources/chat/completions.py:461: in create
    return self._post(
/opt/hostedtoolcache/Python/3.12.13/x64/lib/python3.12/site-packages/groq/_base_client.py:1242: in post
    return cast(ResponseT, self.request(cast_to, opts, stream=stream, stream_cls=stream_cls))
/opt/hostedtoolcache/Python/3.12.13/x64/lib/python3.12/site-packages/groq/_base_client.py:1044: in request
    raise self._make_status_error_from_response(err.response) from None
E   groq.RateLimitError: Error code: 429 - {'error': {'message': 'Rate limit reached for model `llama-3.3-70b-versatile` in organization `org_01ks9nwb89eedah2a3yh9tdp0y` service tier `on_demand` on tokens per day (TPD): Limit 100000, Used 99999, Requested 267. Please try again in 3m49.824s. Need more tokens? Upgrade to Dev Tier today at https://console.groq.com/settings/billing', 'type': 'tokens', 'code': 'rate_limit_exceeded'}}</failure></testcase><testcase classname="evaluations.test_rag_faithfulness" name="test_faithfulness[GS-003]" time="0.050"><failure message="groq.RateLimitError: Error code: 429 - {'error': {'message': 'Rate limit reached for model `llama-3.3-70b-versatile` in organization `org_01ks9nwb89eedah2a3yh9tdp0y` service tier `on_demand` on tokens per day (TPD): Limit 100000, Used 99999, Requested 279. Please try again in 4m0.191999999s. Need more tokens? Upgrade to Dev Tier today at https://console.groq.com/settings/billing', 'type': 'tokens', 'code': 'rate_limit_exceeded'}}">evaluations/test_rag_faithfulness.py:22: in test_faithfulness
    result = rag_pipeline.query(sample["input"])
rag_pipeline/pipeline.py:114: in query
    response = self._llm.invoke(prompt)
/opt/hostedtoolcache/Python/3.12.13/x64/lib/python3.12/site-packages/langchain_core/language_models/chat_models.py:277: in invoke
    self.generate_prompt(
/opt/hostedtoolcache/Python/3.12.13/x64/lib/python3.12/site-packages/langchain_core/language_models/chat_models.py:777: in generate_prompt
    return self.generate(prompt_messages, stop=stop, callbacks=callbacks, **kwargs)
/opt/hostedtoolcache/Python/3.12.13/x64/lib/python3.12/site-packages/langchain_core/language_models/chat_models.py:634: in generate
    raise e
/opt/hostedtoolcache/Python/3.12.13/x64/lib/python3.12/site-packages/langchain_core/language_models/chat_models.py:624: in generate
    self._generate_with_cache(
/opt/hostedtoolcache/Python/3.12.13/x64/lib/python3.12/site-packages/langchain_core/language_models/chat_models.py:846: in _generate_with_cache
    result = self._generate(
/opt/hostedtoolcache/Python/3.12.13/x64/lib/python3.12/site-packages/langchain_groq/chat_models.py:472: in _generate
    response = self.client.create(messages=message_dicts, **params)
/opt/hostedtoolcache/Python/3.12.13/x64/lib/python3.12/site-packages/groq/resources/chat/completions.py:461: in create
    return self._post(
/opt/hostedtoolcache/Python/3.12.13/x64/lib/python3.12/site-packages/groq/_base_client.py:1242: in post
    return cast(ResponseT, self.request(cast_to, opts, stream=stream, stream_cls=stream_cls))
/opt/hostedtoolcache/Python/3.12.13/x64/lib/python3.12/site-packages/groq/_base_client.py:1044: in request
    raise self._make_status_error_from_response(err.response) from None
E   groq.RateLimitError: Error code: 429 - {'error': {'message': 'Rate limit reached for model `llama-3.3-70b-versatile` in organization `org_01ks9nwb89eedah2a3yh9tdp0y` service tier `on_demand` on tokens per day (TPD): Limit 100000, Used 99999, Requested 279. Please try again in 4m0.191999999s. Need more tokens? Upgrade to Dev Tier today at https://console.groq.com/settings/billing', 'type': 'tokens', 'code': 'rate_limit_exceeded'}}</failure></testcase><testcase classname="evaluations.test_rag_faithfulness" name="test_faithfulness[GS-004]" time="0.051"><failure message="groq.RateLimitError: Error code: 429 - {'error': {'message': 'Rate limit reached for model `llama-3.3-70b-versatile` in organization `org_01ks9nwb89eedah2a3yh9tdp0y` service tier `on_demand` on tokens per day (TPD): Limit 100000, Used 99998, Requested 232. Please try again in 3m18.72s. Need more tokens? Upgrade to Dev Tier today at https://console.groq.com/settings/billing', 'type': 'tokens', 'code': 'rate_limit_exceeded'}}">evaluations/test_rag_faithfulness.py:22: in test_faithfulness
    result = rag_pipeline.query(sample["input"])
rag_pipeline/pipeline.py:114: in query
    response = self._llm.invoke(prompt)
/opt/hostedtoolcache/Python/3.12.13/x64/lib/python3.12/site-packages/langchain_core/language_models/chat_models.py:277: in invoke
    self.generate_prompt(
/opt/hostedtoolcache/Python/3.12.13/x64/lib/python3.12/site-packages/langchain_core/language_models/chat_models.py:777: in generate_prompt
    return self.generate(prompt_messages, stop=stop, callbacks=callbacks, **kwargs)
/opt/hostedtoolcache/Python/3.12.13/x64/lib/python3.12/site-packages/langchain_core/language_models/chat_models.py:634: in generate
    raise e
/opt/hostedtoolcache/Python/3.12.13/x64/lib/python3.12/site-packages/langchain_core/language_models/chat_models.py:624: in generate
    self._generate_with_cache(
/opt/hostedtoolcache/Python/3.12.13/x64/lib/python3.12/site-packages/langchain_core/language_models/chat_models.py:846: in _generate_with_cache
    result = self._generate(
/opt/hostedtoolcache/Python/3.12.13/x64/lib/python3.12/site-packages/langchain_groq/chat_models.py:472: in _generate
    response = self.client.create(messages=message_dicts, **params)
/opt/hostedtoolcache/Python/3.12.13/x64/lib/python3.12/site-packages/groq/resources/chat/completions.py:461: in create
    return self._post(
/opt/hostedtoolcache/Python/3.12.13/x64/lib/python3.12/site-packages/groq/_base_client.py:1242: in post
    return cast(ResponseT, self.request(cast_to, opts, stream=stream, stream_cls=stream_cls))
/opt/hostedtoolcache/Python/3.12.13/x64/lib/python3.12/site-packages/groq/_base_client.py:1044: in request
    raise self._make_status_error_from_response(err.response) from None
E   groq.RateLimitError: Error code: 429 - {'error': {'message': 'Rate limit reached for model `llama-3.3-70b-versatile` in organization `org_01ks9nwb89eedah2a3yh9tdp0y` service tier `on_demand` on tokens per day (TPD): Limit 100000, Used 99998, Requested 232. Please try again in 3m18.72s. Need more tokens? Upgrade to Dev Tier today at https://console.groq.com/settings/billing', 'type': 'tokens', 'code': 'rate_limit_exceeded'}}</failure></testcase><testcase classname="evaluations.test_rag_hallucination" name="test_out_of_context_refuses_to_answer[GS-005]" time="0.052"><failure message="groq.RateLimitError: Error code: 429 - {'error': {'message': 'Rate limit reached for model `llama-3.3-70b-versatile` in organization `org_01ks9nwb89eedah2a3yh9tdp0y` service tier `on_demand` on tokens per day (TPD): Limit 100000, Used 99998, Requested 275. Please try again in 3m55.872s. Need more tokens? Upgrade to Dev Tier today at https://console.groq.com/settings/billing', 'type': 'tokens', 'code': 'rate_limit_exceeded'}}">evaluations/test_rag_hallucination.py:32: in test_out_of_context_refuses_to_answer
    result = rag_pipeline.query(sample["input"])
rag_pipeline/pipeline.py:114: in query
    response = self._llm.invoke(prompt)
/opt/hostedtoolcache/Python/3.12.13/x64/lib/python3.12/site-packages/langchain_core/language_models/chat_models.py:277: in invoke
    self.generate_prompt(
/opt/hostedtoolcache/Python/3.12.13/x64/lib/python3.12/site-packages/langchain_core/language_models/chat_models.py:777: in generate_prompt
    return self.generate(prompt_messages, stop=stop, callbacks=callbacks, **kwargs)
/opt/hostedtoolcache/Python/3.12.13/x64/lib/python3.12/site-packages/langchain_core/language_models/chat_models.py:634: in generate
    raise e
/opt/hostedtoolcache/Python/3.12.13/x64/lib/python3.12/site-packages/langchain_core/language_models/chat_models.py:624: in generate
    self._generate_with_cache(
/opt/hostedtoolcache/Python/3.12.13/x64/lib/python3.12/site-packages/langchain_core/language_models/chat_models.py:846: in _generate_with_cache
    result = self._generate(
/opt/hostedtoolcache/Python/3.12.13/x64/lib/python3.12/site-packages/langchain_groq/chat_models.py:472: in _generate
    response = self.client.create(messages=message_dicts, **params)
/opt/hostedtoolcache/Python/3.12.13/x64/lib/python3.12/site-packages/groq/resources/chat/completions.py:461: in create
    return self._post(
/opt/hostedtoolcache/Python/3.12.13/x64/lib/python3.12/site-packages/groq/_base_client.py:1242: in post
    return cast(ResponseT, self.request(cast_to, opts, stream=stream, stream_cls=stream_cls))
/opt/hostedtoolcache/Python/3.12.13/x64/lib/python3.12/site-packages/groq/_base_client.py:1044: in request
    raise self._make_status_error_from_response(err.response) from None
E   groq.RateLimitError: Error code: 429 - {'error': {'message': 'Rate limit reached for model `llama-3.3-70b-versatile` in organization `org_01ks9nwb89eedah2a3yh9tdp0y` service tier `on_demand` on tokens per day (TPD): Limit 100000, Used 99998, Requested 275. Please try again in 3m55.872s. Need more tokens? Upgrade to Dev Tier today at https://console.groq.com/settings/billing', 'type': 'tokens', 'code': 'rate_limit_exceeded'}}</failure></testcase></testsuite></testsuites>